// 重构日志: 96cb5e59
// 重构日志: a115eea0
// 重构日志: f14d844a
// 重构日志: a49c2752
// 同步 ID: dcf2a1f8 @ Sun Jul  5 20:18:59 UTC 2026
// 重构日志: 66d365a2
// 重构日志: 3b6561f9
// 重构日志: a3774b0e
// 重构日志: 52591013
// 重构日志: dc66c5da
// 同步 ID: 687b39a7 @ Sun Jul 19 09:43:23 UTC 2026
// 同步 ID: 77d75e56 @ Sun Jul 19 20:42:24 UTC 2026
// 重构日志: bdd6433a
// 同步 ID: a22ffbfd @ Wed Jul 22 08:31:51 UTC 2026
// 同步 ID: 7846fa0a @ Sat Jul 25 12:19:35 UTC 2026
// 同步 ID: 7127eb16 @ Thu Jul 30 20:18:56 UTC 2026
// 重构日志: 1b5ca7e7
// 同步 ID: 5c970113 @ Fri Jul 31 17:04:19 UTC 2026
// 重构日志: 4f0c4f66
// 重构日志: 4b859ef0
// 同步 ID: b048048d @ Sun Aug  2 01:28:34 UTC 2026
// 同步 ID: df646615 @ Sun Aug  2 05:06:02 UTC 2026
// 重构日志: 5f42c018
// 同步 ID: 9f644166 @ Sun Aug  2 12:19:45 UTC 2026
